<?xml version="1.0" encoding="utf-8"?>
<test-run id="2" testcasecount="1" result="Passed" total="1" passed="1" failed="0" inconclusive="0" skipped="0" asserts="0" engine-version="3.5.0.0" clr-version="4.0.30319.42000" start-time="2026-06-14 23:03:39Z" end-time="2026-06-14 23:03:48Z" duration="9,5648172">
  <test-suite type="TestSuite" id="1007" name="SilverEagle" fullname="SilverEagle" runstate="Runnable" testcasecount="1" result="Passed" start-time="2026-06-14 23:03:39Z" end-time="2026-06-14 23:03:48Z" duration="9.564817" total="1" passed="1" failed="0" inconclusive="0" skipped="0" asserts="0">
    <properties>
      <property name="platform" value="PlayMode" />
    </properties>
    <test-suite type="Assembly" id="1003" name="SilverEagle.PlayModeTests.dll" fullname="C:/Users/kacpe/Documents/silver-eagle/Library/ScriptAssemblies/SilverEagle.PlayModeTests.dll" runstate="Runnable" testcasecount="1" result="Passed" start-time="2026-06-14 23:03:39Z" end-time="2026-06-14 23:03:48Z" duration="9.549643" total="1" passed="1" failed="0" inconclusive="0" skipped="0" asserts="0">
      <properties>
        <property name="_PID" value="23572" />
        <property name="_APPDOMAIN" value="Unity Child Domain" />
        <property name="platform" value="PlayMode" />
        <property name="EditorOnly" value="False" />
      </properties>
      <test-suite type="TestFixture" id="1001" name="SmokeTest" fullname="SmokeTest" classname="SmokeTest" runstate="Runnable" testcasecount="1" result="Passed" start-time="2026-06-14 23:03:39Z" end-time="2026-06-14 23:03:48Z" duration="9.547064" total="1" passed="1" failed="0" inconclusive="0" skipped="0" asserts="0">
        <properties />
        <test-case id="1002" name="GameManagerSceneLoadsWithoutErrors" fullname="SmokeTest.GameManagerSceneLoadsWithoutErrors" methodname="GameManagerSceneLoadsWithoutErrors" classname="SmokeTest" runstate="Runnable" seed="709035548" result="Passed" start-time="2026-06-14 23:03:39Z" end-time="2026-06-14 23:03:48Z" duration="9.528104" asserts="0">
          <properties>
            <property name="_JOINTYPE" value="UnityCombinatorial" />
            <property name="retryIteration" value="0" />
            <property name="repeatIteration" value="0" />
          </properties>
          <output><![CDATA[The referenced script on this Behaviour (Game Object '') is missing!
The referenced script on this Behaviour (Game Object 'Statek') is missing!
<color=#88CCFF>[System AI]</color> <color=#CCCCCC>[Patrolowanie]</color> Losuję 7 punktów w całym sektorze 3D (promień ~176, wysokość ±84, min. odstęp 76).
<color=#88CCFF>[System AI]</color> <color=#CCCCCC>[Patrolowanie]</color> Gotowe — 7 punktów rozrzuconych po sektorze (A* będzie między nimi latał).
[ShipStats] Nowy limit ładowni: 100
[Inventory] Pojemność ładowni zaktualizowana o mnożnik: 1
UWAGA: Lista My Items jest pusta. Dodaj surowce w Inspektorze!
Poprawnie przypisano 240 HP
Poprawnie przypisano 240 MaxHP
Poprawnie przypisano 240 HP
<color=#88CCFF>[System AI]</color> <color=#CCCCCC>[Patrolowanie]</color> Losuję 7 punktów w całym sektorze 3D (promień ~176, wysokość ±84, min. odstęp 76).
<color=#88CCFF>[System AI]</color> <color=#CCCCCC>[Patrolowanie]</color> Gotowe — 7 punktów rozrzuconych po sektorze (A* będzie między nimi latał).
<color=#88CCFF>[System AI]</color> <color=#CCCCCC>[Patrolowanie]</color> Dostałem 7 punktów do oblotu sektora.
Poprawnie przypisano 85 MaxHP
Poprawnie przypisano 85 HP
<color=#88CCFF>[System AI]</color> <color=#AAFFAA>[Stan FSM]</color> Start. Stan: Patrol. Punktów patrolowych: 7.
<color=#88CCFF>[System AI]</color> <color=#CCCCCC>[Patrolowanie]</color> Losuję 7 punktów w całym sektorze 3D (promień ~176, wysokość ±84, min. odstęp 76).
<color=#88CCFF>[System AI]</color> <color=#CCCCCC>[Patrolowanie]</color> Gotowe — 7 punktów rozrzuconych po sektorze (A* będzie między nimi latał).
Poprawnie przypisano 240 HP
Poprawnie przypisano 240 MaxHP
Poprawnie przypisano 240 HP
<color=#88CCFF>[System AI]</color> <color=#CCCCCC>[Patrolowanie]</color> Losuję 7 punktów w całym sektorze 3D (promień ~176, wysokość ±84, min. odstęp 76).
<color=#88CCFF>[System AI]</color> <color=#CCCCCC>[Patrolowanie]</color> Gotowe — 7 punktów rozrzuconych po sektorze (A* będzie między nimi latał).
<color=#88CCFF>[System AI]</color> <color=#CCCCCC>[Patrolowanie]</color> Dostałem 7 punktów do oblotu sektora.
Poprawnie przypisano 85 MaxHP
Poprawnie przypisano 85 HP
<color=#88CCFF>[System AI]</color> <color=#AAFFAA>[Stan FSM]</color> Start. Stan: Patrol. Punktów patrolowych: 7.
<color=#88CCFF>[System AI]</color> <color=#AAFFAA>[Stan FSM]</color> Zmiana stanu: Patrol
<color=#88CCFF>[System AI]</color> <color=#FFD966>[Nawigacja A*]</color> Licze trasę do punktu 1/7 (mój A*, nie NavMesh). Cel: (317.77, -27.67, 362.62)
<color=#88CCFF>[System AI]</color> <color=#FFD966>[Nawigacja A*]</color> Start: szukam drogi z (300.00, 0.00, 300.00) do (300.00, 0.00, 360.00) (krok siatki 60).
<color=#88CCFF>[System AI]</color> <color=#FFD966>[Nawigacja A*]</color> Znalazłem trasę: 0 punktów, sprawdziłem 1 komórek siatki.
<color=#88CCFF>[System AI]</color> <color=#FFD966>[Nawigacja A*]</color> Nie znalazłem drogi — lecę na prosto do punktu.
<color=#88CCFF>[System AI]</color> <color=#AAFFAA>[Stan FSM]</color> Zmiana stanu: Patrol
<color=#88CCFF>[System AI]</color> <color=#FFD966>[Nawigacja A*]</color> Licze trasę do punktu 1/7 (mój A*, nie NavMesh). Cel: (51.78, 44.84, 345.80)
<color=#88CCFF>[System AI]</color> <color=#FFD966>[Nawigacja A*]</color> Start: szukam drogi z (300.00, 0.00, 300.00) do (60.00, 60.00, 360.00) (krok siatki 60).
<color=#88CCFF>[System AI]</color> <color=#FFD966>[Nawigacja A*]</color> Znalazłem trasę: 5 punktów, sprawdziłem 18 komórek siatki.
Saving results to: C:/Users/kacpe/AppData/LocalLow/DefaultCompany/SilverEagle\TestResults.xml
]]></output>
        </test-case>
      </test-suite>
    </test-suite>
  </test-suite>
</test-run>